// Jest Snapshot v1, https://goo.gl/fbAQLP

exports[`Footer component renders correctly 1`] = `
<footer
  class="footer-distributed"
>
  <div
    class="logo-footer"
  >
    <i
      class="fa-sharp fa-solid fa-bag-shopping"
    />
    <span
      class="shop-name"
    >
      Shop Bags
    </span>
  </div>
  <div
    class="social-icons"
  >
    <a
      href="https://www.facebook.com"
    >
      <i
        class="fa-brands fa-square-facebook"
      />
    </a>
    <a
      href="https://www.twitter.com"
    >
      <i
        class="fa-brands fa-square-twitter"
      />
    </a>
    <a
      href="https://www.linkedin.com"
    >
      <i
        class="fa-brands fa-linkedin"
      />
    </a>
    <a
      href="https://www.telegram.org"
    >
      <i
        class="fa-brands fa-square-instagram"
      />
    </a>
  </div>
  <p
    class="copyright"
  >
    2019 © Shopbag - All right reserved
  </p>
</footer>
`;

exports[`renders correctly 1`] = `
<footer
  class="footer-distributed"
>
  <div
    class="logo-footer"
  >
    <i
      class="fa-sharp fa-solid fa-bag-shopping"
    />
    <span
      class="shop-name"
    >
      Shop Bags
    </span>
  </div>
  <div
    class="social-icons"
  >
    <a
      href="https://www.facebook.com"
    >
      <i
        class="fa-brands fa-square-facebook"
      />
    </a>
    <a
      href="https://www.twitter.com"
    >
      <i
        class="fa-brands fa-square-twitter"
      />
    </a>
    <a
      href="https://www.linkedin.com"
    >
      <i
        class="fa-brands fa-linkedin"
      />
    </a>
    <a
      href="https://www.telegram.org"
    >
      <i
        class="fa-brands fa-square-instagram"
      />
    </a>
  </div>
  <p
    class="copyright"
  >
    2019 © Shopbag - All right reserved
  </p>
</footer>
`;
