// Jest Snapshot v1, https://goo.gl/fbAQLP

exports[`renders without crashing 1`] = `
<div
  class="search-bar-container"
>
  <input
    class="search-bar"
    value=""
  />
  <i
    class="search-icon fa-sharp fa-solid fa-search"
  />
</div>
`;
