// Jest Snapshot v1, https://goo.gl/fbAQLP

exports[`Testing spinner Should render component 1`] = `
<div>
  <div
    class="spinner-container"
  >
    <div
      class="loading-spinner"
    />
  </div>
</div>
`;
